// Jest Snapshot v1, https://goo.gl/fbAQLP

exports[`HomeScreen matches snapshot 1`] = `
<LinearGradient
  colors={
    [
      "rgba(213, 240, 219, 0.19)",
      "rgb(252, 250, 246)",
    ]
  }
  style={
    [
      {
        "flex": 1,
      },
      {
        "padding": 16,
      },
    ]
  }
>
  <View
    style={
      {
        "alignItems": "center",
        "display": "flex",
        "flexDirection": "row",
        "gap": 12,
      }
    }
  >
    <View
      style={
        {
          "flex": 1,
          "flexDirection": "column",
          "gap": 8,
        }
      }
    >
      <View
        style={
          {
            "alignItems": "center",
            "flexDirection": "row",
            "gap": 8,
            "marginTop": 64,
          }
        }
      >
        <Text
          style={
            [
              {
                "color": "#11181C",
              },
              undefined,
              {
                "fontFamily": "LexendDeca",
                "fontSize": 32,
                "fontWeight": "bold",
                "lineHeight": 32,
                "paddingVertical": 8,
              },
              undefined,
              undefined,
              undefined,
              undefined,
              undefined,
              undefined,
              undefined,
              undefined,
            ]
          }
        >
          Recordatorios
        </Text>
      </View>
      <Text
        style={
          [
            {
              "color": "#11181C",
            },
            {
              "fontFamily": "LexendDeca",
              "fontSize": 16,
              "lineHeight": 24,
            },
            undefined,
            undefined,
            undefined,
            undefined,
            undefined,
            undefined,
            undefined,
            undefined,
            undefined,
          ]
        }
      >
        Cuida cada una de tus plantas
      </Text>
    </View>
    <View
      style={
        {
          "alignItems": "center",
          "height": 75,
          "justifyContent": "center",
          "width": 75,
        }
      }
    >
      <ActivityIndicator
        color="#bfd8c5ff"
        size="large"
      />
    </View>
  </View>
  <View
    style={
      {
        "alignItems": "center",
        "justifyContent": "center",
        "marginTop": 16,
        "padding": 32,
      }
    }
  >
    <ActivityIndicator
      color="#bfd8c5ff"
      size="large"
    />
    <Text
      style={
        [
          {
            "color": "#11181C",
          },
          {
            "fontFamily": "LexendDeca",
            "fontSize": 16,
            "lineHeight": 24,
          },
          undefined,
          undefined,
          undefined,
          undefined,
          undefined,
          undefined,
          undefined,
          undefined,
          {
            "marginTop": 8,
          },
        ]
      }
    >
      Cargando tareas...
    </Text>
  </View>
</LinearGradient>
`;
