// Jest Snapshot v1, https://goo.gl/fbAQLP

exports[`SettingsScreen matches snapshot 1`] = `
<RCTScrollView>
  <View>
    <View
      style={
        {
          "flex": 1,
          "gap": 16,
          "marginBottom": 30,
          "padding": 16,
        }
      }
    >
      <View
        style={
          [
            {
              "backgroundColor": "rgb(252, 250, 246)",
            },
            {
              "borderBottomLeftRadius": 8,
              "borderBottomRightRadius": 8,
              "borderTopLeftRadius": 8,
              "borderTopRightRadius": 8,
              "display": "flex",
              "elevation": 3,
              "flexDirection": "column",
              "gap": 8,
              "padding": 16,
              "shadowColor": "#000",
              "shadowOffset": {
                "height": 2,
                "width": 0,
              },
              "shadowOpacity": 0.1,
              "shadowRadius": 4,
            },
          ]
        }
      >
        <Text
          style={
            [
              {
                "color": "#11181C",
              },
              undefined,
              undefined,
              {
                "fontFamily": "LexendDeca",
                "fontSize": 18,
                "fontWeight": "bold",
              },
              undefined,
              undefined,
              undefined,
              undefined,
              undefined,
              undefined,
              {
                "marginBottom": 8,
              },
            ]
          }
        >
          Cuenta
        </Text>
        <View
          accessibilityState={
            {
              "busy": undefined,
              "checked": undefined,
              "disabled": undefined,
              "expanded": undefined,
              "selected": undefined,
            }
          }
          accessibilityValue={
            {
              "max": undefined,
              "min": undefined,
              "now": undefined,
              "text": undefined,
            }
          }
          accessible={true}
          collapsable={false}
          focusable={true}
          onClick={[Function]}
          onResponderGrant={[Function]}
          onResponderMove={[Function]}
          onResponderRelease={[Function]}
          onResponderTerminate={[Function]}
          onResponderTerminationRequest={[Function]}
          onStartShouldSetResponder={[Function]}
          style={
            {
              "alignItems": "center",
              "display": "flex",
              "flexDirection": "row",
              "gap": 8,
              "justifyContent": "space-between",
              "marginBottom": 16,
              "opacity": 1,
            }
          }
        >
          <View
            style={
              {
                "alignItems": "center",
                "flexDirection": "row",
                "gap": 8,
              }
            }
          >
            <Text
              allowFontScaling={false}
              selectable={false}
              style={
                [
                  {
                    "color": "#bfd8c5ff",
                    "fontSize": 24,
                  },
                  undefined,
                  {
                    "fontFamily": "ionicons",
                    "fontStyle": "normal",
                    "fontWeight": "normal",
                  },
                  {},
                ]
              }
            >
              
            </Text>
            <Text
              style={
                [
                  {
                    "color": "#11181C",
                  },
                  {
                    "fontFamily": "LexendDeca",
                    "fontSize": 16,
                    "lineHeight": 24,
                  },
                  undefined,
                  undefined,
                  undefined,
                  undefined,
                  undefined,
                  undefined,
                  undefined,
                  undefined,
                  undefined,
                ]
              }
            >
              Usuario
            </Text>
          </View>
          <View
            style={
              {
                "alignContent": "center",
                "alignItems": "center",
                "display": "flex",
                "flexDirection": "row",
                "gap": 6,
              }
            }
          >
            <Text
              style={
                [
                  {
                    "color": "#11181C",
                  },
                  undefined,
                  undefined,
                  undefined,
                  undefined,
                  undefined,
                  undefined,
                  undefined,
                  undefined,
                  {
                    "fontFamily": "LexendDeca",
                    "fontSize": 16,
                    "fontStyle": "italic",
                    "lineHeight": 24,
                    "opacity": 0.8,
                  },
                  undefined,
                ]
              }
            >
              —
            </Text>
            <Text
              allowFontScaling={false}
              selectable={false}
              style={
                [
                  {
                    "color": "#bfd8c5ff",
                    "fontSize": 16,
                  },
                  undefined,
                  {
                    "fontFamily": "ionicons",
                    "fontStyle": "normal",
                    "fontWeight": "normal",
                  },
                  {},
                ]
              }
            >
              
            </Text>
          </View>
        </View>
        <View
          style={
            {
              "borderBottomWidth": 1,
              "borderColor": "#ccc",
              "borderStyle": "dashed",
              "marginVertical": 16,
              "width": "100%",
            }
          }
        />
        <View
          accessibilityState={
            {
              "busy": undefined,
              "checked": undefined,
              "disabled": undefined,
              "expanded": undefined,
              "selected": undefined,
            }
          }
          accessibilityValue={
            {
              "max": undefined,
              "min": undefined,
              "now": undefined,
              "text": undefined,
            }
          }
          accessible={true}
          collapsable={false}
          focusable={true}
          onClick={[Function]}
          onResponderGrant={[Function]}
          onResponderMove={[Function]}
          onResponderRelease={[Function]}
          onResponderTerminate={[Function]}
          onResponderTerminationRequest={[Function]}
          onStartShouldSetResponder={[Function]}
          style={
            {
              "alignItems": "center",
              "display": "flex",
              "flexDirection": "row",
              "gap": 8,
              "justifyContent": "space-between",
              "marginBottom": 16,
              "opacity": 1,
            }
          }
        >
          <View
            style={
              {
                "alignItems": "center",
                "flexDirection": "row",
                "gap": 8,
              }
            }
          >
            <Text
              allowFontScaling={false}
              selectable={false}
              style={
                [
                  {
                    "color": "#bfd8c5ff",
                    "fontSize": 24,
                  },
                  undefined,
                  {
                    "fontFamily": "ionicons",
                    "fontStyle": "normal",
                    "fontWeight": "normal",
                  },
                  {},
                ]
              }
            >
              
            </Text>
            <Text
              style={
                [
                  {
                    "color": "#11181C",
                  },
                  {
                    "fontFamily": "LexendDeca",
                    "fontSize": 16,
                    "lineHeight": 24,
                  },
                  undefined,
                  undefined,
                  undefined,
                  undefined,
                  undefined,
                  undefined,
                  undefined,
                  undefined,
                  undefined,
                ]
              }
            >
              Email
            </Text>
          </View>
          <View
            style={
              {
                "alignContent": "center",
                "alignItems": "center",
                "display": "flex",
                "flexDirection": "row",
                "gap": 6,
              }
            }
          >
            <Text
              style={
                [
                  {
                    "color": "#11181C",
                  },
                  undefined,
                  undefined,
                  undefined,
                  undefined,
                  undefined,
                  undefined,
                  undefined,
                  undefined,
                  {
                    "fontFamily": "LexendDeca",
                    "fontSize": 16,
                    "fontStyle": "italic",
                    "lineHeight": 24,
                    "opacity": 0.8,
                  },
                  undefined,
                ]
              }
            >
              —
            </Text>
            <Text
              allowFontScaling={false}
              selectable={false}
              style={
                [
                  {
                    "color": "#bfd8c5ff",
                    "fontSize": 16,
                  },
                  undefined,
                  {
                    "fontFamily": "ionicons",
                    "fontStyle": "normal",
                    "fontWeight": "normal",
                  },
                  {},
                ]
              }
            >
              
            </Text>
          </View>
        </View>
        <View
          style={
            {
              "borderBottomWidth": 1,
              "borderColor": "#ccc",
              "borderStyle": "dashed",
              "marginVertical": 16,
              "width": "100%",
            }
          }
        />
        <View
          accessibilityState={
            {
              "busy": undefined,
              "checked": undefined,
              "disabled": undefined,
              "expanded": undefined,
              "selected": undefined,
            }
          }
          accessibilityValue={
            {
              "max": undefined,
              "min": undefined,
              "now": undefined,
              "text": undefined,
            }
          }
          accessible={true}
          collapsable={false}
          focusable={true}
          onClick={[Function]}
          onResponderGrant={[Function]}
          onResponderMove={[Function]}
          onResponderRelease={[Function]}
          onResponderTerminate={[Function]}
          onResponderTerminationRequest={[Function]}
          onStartShouldSetResponder={[Function]}
          style={
            {
              "alignItems": "center",
              "display": "flex",
              "flexDirection": "row",
              "gap": 8,
              "justifyContent": "space-between",
              "marginBottom": 16,
              "opacity": 1,
            }
          }
        >
          <View
            style={
              {
                "alignItems": "center",
                "flexDirection": "row",
                "gap": 8,
              }
            }
          >
            <Text
              allowFontScaling={false}
              selectable={false}
              style={
                [
                  {
                    "color": "#bfd8c5ff",
                    "fontSize": 24,
                  },
                  undefined,
                  {
                    "fontFamily": "ionicons",
                    "fontStyle": "normal",
                    "fontWeight": "normal",
                  },
                  {},
                ]
              }
            >
              
            </Text>
            <Text
              style={
                [
                  {
                    "color": "#11181C",
                  },
                  {
                    "fontFamily": "LexendDeca",
                    "fontSize": 16,
                    "lineHeight": 24,
                  },
                  undefined,
                  undefined,
                  undefined,
                  undefined,
                  undefined,
                  undefined,
                  undefined,
                  undefined,
                  undefined,
                ]
              }
            >
              Contraseña
            </Text>
          </View>
          <View
            style={
              {
                "alignContent": "center",
                "alignItems": "center",
                "display": "flex",
                "flexDirection": "row",
                "gap": 2,
              }
            }
          >
            <Text
              style={
                [
                  {
                    "color": "#11181C",
                  },
                  undefined,
                  undefined,
                  undefined,
                  undefined,
                  undefined,
                  undefined,
                  undefined,
                  undefined,
                  {
                    "fontFamily": "LexendDeca",
                    "fontSize": 16,
                    "fontStyle": "italic",
                    "lineHeight": 24,
                    "opacity": 0.8,
                  },
                  undefined,
                ]
              }
            >
              Cambiar
            </Text>
            <Text
              allowFontScaling={false}
              selectable={false}
              style={
                [
                  {
                    "color": "#bfd8c5ff",
                    "fontSize": 16,
                  },
                  undefined,
                  {
                    "fontFamily": "ionicons",
                    "fontStyle": "normal",
                    "fontWeight": "normal",
                  },
                  {},
                ]
              }
            >
              
            </Text>
          </View>
        </View>
      </View>
      <View
        style={
          [
            {
              "backgroundColor": "rgb(252, 250, 246)",
            },
            {
              "borderBottomLeftRadius": 8,
              "borderBottomRightRadius": 8,
              "borderTopLeftRadius": 8,
              "borderTopRightRadius": 8,
              "display": "flex",
              "elevation": 3,
              "flexDirection": "column",
              "gap": 8,
              "padding": 16,
              "shadowColor": "#000",
              "shadowOffset": {
                "height": 2,
                "width": 0,
              },
              "shadowOpacity": 0.1,
              "shadowRadius": 4,
            },
          ]
        }
      >
        <Text
          style={
            [
              {
                "color": "#11181C",
              },
              undefined,
              undefined,
              {
                "fontFamily": "LexendDeca",
                "fontSize": 18,
                "fontWeight": "bold",
              },
              undefined,
              undefined,
              undefined,
              undefined,
              undefined,
              undefined,
              {
                "marginBottom": 8,
              },
            ]
          }
        >
          Publicaciones
        </Text>
        <View
          accessibilityState={
            {
              "busy": undefined,
              "checked": undefined,
              "disabled": undefined,
              "expanded": undefined,
              "selected": undefined,
            }
          }
          accessibilityValue={
            {
              "max": undefined,
              "min": undefined,
              "now": undefined,
              "text": undefined,
            }
          }
          accessible={true}
          collapsable={false}
          focusable={true}
          onClick={[Function]}
          onResponderGrant={[Function]}
          onResponderMove={[Function]}
          onResponderRelease={[Function]}
          onResponderTerminate={[Function]}
          onResponderTerminationRequest={[Function]}
          onStartShouldSetResponder={[Function]}
          style={
            {
              "alignItems": "center",
              "display": "flex",
              "flexDirection": "row",
              "gap": 8,
              "justifyContent": "space-between",
              "marginBottom": 16,
              "opacity": 1,
            }
          }
        >
          <View
            style={
              {
                "alignItems": "center",
                "flexDirection": "row",
                "gap": 8,
              }
            }
          >
            <Text
              allowFontScaling={false}
              selectable={false}
              style={
                [
                  {
                    "color": "#bfd8c5ff",
                    "fontSize": 24,
                  },
                  undefined,
                  {
                    "fontFamily": "ionicons",
                    "fontStyle": "normal",
                    "fontWeight": "normal",
                  },
                  {},
                ]
              }
            >
              
            </Text>
            <Text
              style={
                [
                  {
                    "color": "#11181C",
                  },
                  {
                    "fontFamily": "LexendDeca",
                    "fontSize": 16,
                    "lineHeight": 24,
                  },
                  undefined,
                  undefined,
                  undefined,
                  undefined,
                  undefined,
                  undefined,
                  undefined,
                  undefined,
                  undefined,
                ]
              }
            >
              Publicaciones
            </Text>
          </View>
          <View
            style={
              {
                "alignContent": "center",
                "alignItems": "center",
                "display": "flex",
                "flexDirection": "row",
                "gap": 2,
              }
            }
          >
            <Text
              style={
                [
                  {
                    "color": "#11181C",
                  },
                  undefined,
                  undefined,
                  undefined,
                  undefined,
                  undefined,
                  undefined,
                  undefined,
                  undefined,
                  {
                    "fontFamily": "LexendDeca",
                    "fontSize": 16,
                    "fontStyle": "italic",
                    "lineHeight": 24,
                    "opacity": 0.8,
                  },
                  undefined,
                ]
              }
            >
              Ver todos
            </Text>
            <Text
              allowFontScaling={false}
              selectable={false}
              style={
                [
                  {
                    "color": "#bfd8c5ff",
                    "fontSize": 16,
                  },
                  undefined,
                  {
                    "fontFamily": "ionicons",
                    "fontStyle": "normal",
                    "fontWeight": "normal",
                  },
                  {},
                ]
              }
            >
              
            </Text>
          </View>
        </View>
        <View
          style={
            {
              "borderBottomWidth": 1,
              "borderColor": "#ccc",
              "borderStyle": "dashed",
              "marginVertical": 16,
              "width": "100%",
            }
          }
        />
        <View
          accessibilityState={
            {
              "busy": undefined,
              "checked": undefined,
              "disabled": undefined,
              "expanded": undefined,
              "selected": undefined,
            }
          }
          accessibilityValue={
            {
              "max": undefined,
              "min": undefined,
              "now": undefined,
              "text": undefined,
            }
          }
          accessible={true}
          collapsable={false}
          focusable={true}
          onClick={[Function]}
          onResponderGrant={[Function]}
          onResponderMove={[Function]}
          onResponderRelease={[Function]}
          onResponderTerminate={[Function]}
          onResponderTerminationRequest={[Function]}
          onStartShouldSetResponder={[Function]}
          style={
            {
              "alignItems": "center",
              "display": "flex",
              "flexDirection": "row",
              "gap": 8,
              "justifyContent": "space-between",
              "marginBottom": 16,
              "opacity": 1,
            }
          }
        >
          <View
            style={
              {
                "alignItems": "center",
                "flexDirection": "row",
                "gap": 8,
              }
            }
          >
            <Text
              allowFontScaling={false}
              selectable={false}
              style={
                [
                  {
                    "color": "#bfd8c5ff",
                    "fontSize": 24,
                  },
                  undefined,
                  {
                    "fontFamily": "ionicons",
                    "fontStyle": "normal",
                    "fontWeight": "normal",
                  },
                  {},
                ]
              }
            >
              
            </Text>
            <Text
              style={
                [
                  {
                    "color": "#11181C",
                  },
                  {
                    "fontFamily": "LexendDeca",
                    "fontSize": 16,
                    "lineHeight": 24,
                  },
                  undefined,
                  undefined,
                  undefined,
                  undefined,
                  undefined,
                  undefined,
                  undefined,
                  undefined,
                  undefined,
                ]
              }
            >
              Comentarios
            </Text>
          </View>
          <View
            style={
              {
                "alignContent": "center",
                "alignItems": "center",
                "display": "flex",
                "flexDirection": "row",
                "gap": 2,
              }
            }
          >
            <Text
              style={
                [
                  {
                    "color": "#11181C",
                  },
                  undefined,
                  undefined,
                  undefined,
                  undefined,
                  undefined,
                  undefined,
                  undefined,
                  undefined,
                  {
                    "fontFamily": "LexendDeca",
                    "fontSize": 16,
                    "fontStyle": "italic",
                    "lineHeight": 24,
                    "opacity": 0.8,
                  },
                  undefined,
                ]
              }
            >
              Ver todos
            </Text>
            <Text
              allowFontScaling={false}
              selectable={false}
              style={
                [
                  {
                    "color": "#bfd8c5ff",
                    "fontSize": 16,
                  },
                  undefined,
                  {
                    "fontFamily": "ionicons",
                    "fontStyle": "normal",
                    "fontWeight": "normal",
                  },
                  {},
                ]
              }
            >
              
            </Text>
          </View>
        </View>
      </View>
      <View
        style={
          [
            {
              "backgroundColor": "rgb(252, 250, 246)",
            },
            {
              "borderBottomLeftRadius": 8,
              "borderBottomRightRadius": 8,
              "borderTopLeftRadius": 8,
              "borderTopRightRadius": 8,
              "display": "flex",
              "elevation": 3,
              "flexDirection": "column",
              "gap": 8,
              "padding": 16,
              "shadowColor": "#000",
              "shadowOffset": {
                "height": 2,
                "width": 0,
              },
              "shadowOpacity": 0.1,
              "shadowRadius": 4,
            },
          ]
        }
      >
        <Text
          style={
            [
              {
                "color": "#11181C",
              },
              undefined,
              undefined,
              {
                "fontFamily": "LexendDeca",
                "fontSize": 18,
                "fontWeight": "bold",
              },
              undefined,
              undefined,
              undefined,
              undefined,
              undefined,
              undefined,
              {
                "marginBottom": 8,
              },
            ]
          }
        >
          Notificaciones
        </Text>
        <View
          style={
            {
              "alignItems": "center",
              "display": "flex",
              "flexDirection": "row",
              "gap": 8,
              "justifyContent": "space-between",
              "marginBottom": 16,
            }
          }
        >
          <View
            style={
              {
                "alignItems": "center",
                "flexDirection": "row",
                "gap": 8,
              }
            }
          >
            <Text
              allowFontScaling={false}
              selectable={false}
              style={
                [
                  {
                    "color": "#bfd8c5ff",
                    "fontSize": 24,
                  },
                  undefined,
                  {
                    "fontFamily": "ionicons",
                    "fontStyle": "normal",
                    "fontWeight": "normal",
                  },
                  {},
                ]
              }
            >
              
            </Text>
            <Text
              style={
                [
                  {
                    "color": "#11181C",
                  },
                  {
                    "fontFamily": "LexendDeca",
                    "fontSize": 16,
                    "lineHeight": 24,
                  },
                  undefined,
                  undefined,
                  undefined,
                  undefined,
                  undefined,
                  undefined,
                  undefined,
                  undefined,
                  undefined,
                ]
              }
            >
              Notificaciones automáticas
            </Text>
          </View>
          <View>
            <RCTSwitch
              accessibilityRole="switch"
              onChange={[Function]}
              onResponderTerminationRequest={[Function]}
              onStartShouldSetResponder={[Function]}
              onTintColor="#bfd8c5ff"
              style={
                {
                  "alignSelf": "flex-start",
                }
              }
              thumbTintColor="#f4f3f4"
              tintColor="#ccc"
              value={false}
            />
          </View>
        </View>
        <View
          style={
            {
              "borderBottomWidth": 1,
              "borderColor": "#ccc",
              "borderStyle": "dashed",
              "marginVertical": 16,
              "width": "100%",
            }
          }
        />
        <View
          accessibilityState={
            {
              "busy": undefined,
              "checked": undefined,
              "disabled": undefined,
              "expanded": undefined,
              "selected": undefined,
            }
          }
          accessibilityValue={
            {
              "max": undefined,
              "min": undefined,
              "now": undefined,
              "text": undefined,
            }
          }
          accessible={true}
          collapsable={false}
          focusable={true}
          onClick={[Function]}
          onResponderGrant={[Function]}
          onResponderMove={[Function]}
          onResponderRelease={[Function]}
          onResponderTerminate={[Function]}
          onResponderTerminationRequest={[Function]}
          onStartShouldSetResponder={[Function]}
          style={
            {
              "alignItems": "center",
              "display": "flex",
              "flexDirection": "row",
              "gap": 8,
              "justifyContent": "space-between",
              "marginBottom": 16,
              "opacity": 1,
            }
          }
        >
          <View
            style={
              {
                "alignItems": "center",
                "flexDirection": "row",
                "gap": 8,
              }
            }
          >
            <Text
              allowFontScaling={false}
              selectable={false}
              style={
                [
                  {
                    "color": "#bfd8c5ff",
                    "fontSize": 24,
                  },
                  undefined,
                  {
                    "fontFamily": "ionicons",
                    "fontStyle": "normal",
                    "fontWeight": "normal",
                  },
                  {},
                ]
              }
            >
              
            </Text>
            <Text
              style={
                [
                  {
                    "color": "#11181C",
                  },
                  {
                    "fontFamily": "LexendDeca",
                    "fontSize": 16,
                    "lineHeight": 24,
                  },
                  undefined,
                  undefined,
                  undefined,
                  undefined,
                  undefined,
                  undefined,
                  undefined,
                  undefined,
                  undefined,
                ]
              }
            >
              Hora
            </Text>
          </View>
          <View
            style={
              {
                "alignContent": "center",
                "alignItems": "center",
                "display": "flex",
                "flexDirection": "row",
                "gap": 2,
              }
            }
          >
            <Text
              style={
                [
                  {
                    "color": "#11181C",
                  },
                  undefined,
                  undefined,
                  undefined,
                  undefined,
                  undefined,
                  undefined,
                  undefined,
                  undefined,
                  {
                    "fontFamily": "LexendDeca",
                    "fontSize": 16,
                    "fontStyle": "italic",
                    "lineHeight": 24,
                    "opacity": 0.8,
                  },
                  undefined,
                ]
              }
            >
              9
              :00
            </Text>
            <Text
              allowFontScaling={false}
              selectable={false}
              style={
                [
                  {
                    "color": "#bfd8c5ff",
                    "fontSize": 16,
                  },
                  undefined,
                  {
                    "fontFamily": "ionicons",
                    "fontStyle": "normal",
                    "fontWeight": "normal",
                  },
                  {},
                ]
              }
            >
              
            </Text>
          </View>
        </View>
      </View>
      <View
        accessibilityState={
          {
            "busy": undefined,
            "checked": undefined,
            "disabled": false,
            "expanded": undefined,
            "selected": undefined,
          }
        }
        accessibilityValue={
          {
            "max": undefined,
            "min": undefined,
            "now": undefined,
            "text": undefined,
          }
        }
        accessible={true}
        collapsable={false}
        focusable={true}
        onClick={[Function]}
        onResponderGrant={[Function]}
        onResponderMove={[Function]}
        onResponderRelease={[Function]}
        onResponderTerminate={[Function]}
        onResponderTerminationRequest={[Function]}
        onStartShouldSetResponder={[Function]}
        style={
          {
            "alignItems": "center",
            "backgroundColor": "#bfd8c5ff",
            "borderRadius": 25,
            "elevation": 5,
            "height": 50,
            "justifyContent": "center",
            "marginTop": 16,
            "opacity": 1,
            "shadowColor": "#000",
            "shadowOffset": {
              "height": 2,
              "width": 0,
            },
            "shadowOpacity": 0.3,
            "shadowRadius": 4,
            "width": "100%",
          }
        }
      >
        <Text
          style={
            {
              "color": "#11181C",
              "fontSize": 16,
              "fontWeight": "bold",
            }
          }
        >
          Cerrar sesión
        </Text>
      </View>
    </View>
  </View>
</RCTScrollView>
`;
